Renesas Optimizing Linker (V3.05.00 )             02-May-2025 15:28:11

*** Options ***

-subcommand=LinkerG23_RSSK_Slider_QE_Log_250430.tmp
-MAKEUD="C:\e2s_workspace\e2workspace_202307_01\RL78_touch\G23_RSSK_Slider_QE_Log_250430\HardwareDebug/G23_RSSK_Slider_QE_Log_250430_l.ud" 
-device="C:/Users/a5140073/.eclipse/com.renesas.platform_1297214930/DebugComp/RL78/RL78/Common/DR7F100GSN.DVF" 
-list="G23_RSSK_Slider_QE_Log_250430.map" 
-nooptimize 
-entry=_start 
-auto_section_layout 
-security_id=00000000000000000000 
-debug_monitor=BFE00-BFFFF 
-user_opt_byte=EF3AE8 
-ocdbg=85 
-input=".\src/smc_gen/r_bsp/board/generic_rl78_g23\stkinit.obj"
-input=".\src/smc_gen/r_bsp/mcu/all\cstart.obj"
-input=".\src/smc_gen/r_bsp/mcu/all\r_bsp_common_ccrl.obj"
-input=".\qe_gen\qe_touch_config.obj"
-input=".\qe_gen\qe_touch_sample.obj"
-input=".\src\G23_RSSK_Slider_QE_Log_250430.obj"
-input=".\src/smc_gen/Config_TAU0_1\Config_TAU0_1.obj"
-input=".\src/smc_gen/Config_TAU0_1\Config_TAU0_1_user.obj"
-input=".\src/smc_gen/Config_UARTA1\Config_UARTA1.obj"
-input=".\src/smc_gen/Config_UARTA1\Config_UARTA1_user.obj"
-input=".\src/smc_gen/general\r_cg_systeminit.obj"
-input=".\src/smc_gen/general\r_cg_tau_common.obj"
-input=".\src/smc_gen/general\r_cg_uarta_common.obj"
-input=".\src/smc_gen/r_bsp/board/generic_rl78_g23\hdwinit.obj"
-input=".\src/smc_gen/r_bsp/board/generic_rl78_g23\r_bsp_init.obj"
-input=".\src/smc_gen/r_bsp/mcu/all\r_bsp_common.obj"
-input=".\src/smc_gen/r_bsp/mcu/rl78_g23\mcu_clocks.obj"
-input=".\src/smc_gen/r_ctsu\r_ctsu.obj"
-input=".\src/smc_gen/r_pincfg\r_ctsu_pinset.obj"
-input=".\src/smc_gen/rm_touch\rm_touch.obj"
-input=".\src/touch_log\touch_log.obj"
-library="C:\Program Files (x86)\Renesas\RL78\1_12_1\lib\rl78em4s99.lib"
-library="C:\Program Files (x86)\Renesas\RL78\1_12_1\lib\rl78em4r.lib"
-library="C:\Program Files (x86)\Renesas\RL78\1_12_1\lib\malloc_n.lib"
-output="G23_RSSK_Slider_QE_Log_250430.abs" 
-debug 
-nocompress 
-memory=high 
-rom=.data=.dataR,.sdata=.sdataR 
-nomessage 
-nologo

*** Error information ***

*** Mapping List ***

SECTION                            START      END         SIZE   ALIGN
.vect
                                  00000000  0000007f        80   0
.constf
                                  00000080  00000080         0   2
.init_array
                                  00000080  00000080         0   2
.sdata
                                  00000080  00000080         0   2
.data
                                  00000082  00000087         6   2
.option_byte
                                  000000c0  000000c3         4   1
.security_id
                                  000000c4  000000cd         a   1
.SLIB
                                  000000c4  000000c4         0   1
.monitor1
                                  000000ce  000000d7         a   1
.text
                                  000000d8  000002cb       1f4   1
.textf
                                  000002cc  00002fac      2ce1   1
.const
                                  00003000  0000319d       19e   2
.RLIB
                                  0000319e  00003420       283   1
.monitor2
                                  000bfe00  000bffff       200   1
.bss
                                  000f3f00  000f4309       40a   2
.dataR
                                  000f430a  000f430f         6   2
.sbss
                                  000ffe20  000ffe20         0   2
.sdataR
                                  000ffe20  000ffe20         0   2
